#! /usr/bin/vvp
:ivl_version "11.0 (stable)";
:ivl_delay_selection "TYPICAL";
:vpi_time_precision - 12;
:vpi_module "/usr/lib/x86_64-linux-gnu/ivl/system.vpi";
:vpi_module "/usr/lib/x86_64-linux-gnu/ivl/vhdl_sys.vpi";
:vpi_module "/usr/lib/x86_64-linux-gnu/ivl/vhdl_textio.vpi";
:vpi_module "/usr/lib/x86_64-linux-gnu/ivl/v2005_math.vpi";
:vpi_module "/usr/lib/x86_64-linux-gnu/ivl/va_math.vpi";
:vpi_module "/usr/lib/x86_64-linux-gnu/ivl/v2009.vpi";
S_0x5e04d2c26680 .scope package, "$unit" "$unit" 2 1;
 .timescale 0 0;
S_0x5e04d2c26810 .scope module, "alu3_tb" "alu3_tb" 3 3;
 .timescale -9 -12;
P_0x5e04d2c269a0 .param/l "W" 1 3 4, +C4<00000000000000000000000000000100>;
v0x5e04d2c53970_0 .var "a", 3 0;
v0x5e04d2c53a50_0 .var "b", 3 0;
v0x5e04d2c53af0_0 .net "carry", 0 0, L_0x5e04d2c550d0;  1 drivers
v0x5e04d2c53bf0_0 .var/2s "checks", 31 0;
v0x5e04d2c53c90_0 .var/2s "errors", 31 0;
v0x5e04d2c53d50_0 .var "is_sub", 0 0;
v0x5e04d2c53df0_0 .net "overflow", 0 0, L_0x5e04d2c54ef0;  1 drivers
v0x5e04d2c53ec0_0 .var "result", 3 0;
S_0x5e04d2c1fae0 .scope begin, "$ivl_for_loop0" "$ivl_for_loop0" 3 63, 3 63 0, S_0x5e04d2c26810;
 .timescale -9 -12;
v0x5e04d2c51600_0 .var/2s "ai", 31 0;
S_0x5e04d2c1fcc0 .scope begin, "$ivl_for_loop1" "$ivl_for_loop1" 3 64, 3 64 0, S_0x5e04d2c1fae0;
 .timescale -9 -12;
v0x5e04d2c1fea0_0 .var/2s "bi", 31 0;
S_0x5e04d2c51700 .scope autotask, "check" "check" 3 28, 3 28 0, S_0x5e04d2c26810;
 .timescale -9 -12;
v0x5e04d2c51900_0 .var "a_i", 3 0;
v0x5e04d2c519e0_0 .var "b_i", 3 0;
v0x5e04d2c51ac0_0 .var "expected_carry", 0 0;
v0x5e04d2c51b60_0 .var "expected_overflow", 0 0;
v0x5e04d2c51c20_0 .var "expected_result", 3 0;
v0x5e04d2c51d50_0 .var "ext_add", 4 0;
v0x5e04d2c51e30_0 .var "ext_sub", 4 0;
v0x5e04d2c51f10_0 .var "sub_i", 0 0;
v0x5e04d2c51fd0_0 .var/2s "true_val", 63 0;
TD_alu3_tb.check ;
    %load/vec4 v0x5e04d2c51900_0;
    %store/vec4 v0x5e04d2c53970_0, 0, 4;
    %load/vec4 v0x5e04d2c519e0_0;
    %store/vec4 v0x5e04d2c53a50_0, 0, 4;
    %load/vec4 v0x5e04d2c51f10_0;
    %store/vec4 v0x5e04d2c53d50_0, 0, 1;
    %load/vec4 v0x5e04d2c51f10_0;
    %flag_set/vec4 8;
    %jmp/0 T_0.0, 8;
    %load/vec4 v0x5e04d2c51900_0;
    %pad/s 64;
    %load/vec4 v0x5e04d2c519e0_0;
    %pad/s 64;
    %sub;
    %jmp/1 T_0.1, 8;
T_0.0 ; End of true expr.
    %load/vec4 v0x5e04d2c51900_0;
    %pad/s 64;
    %load/vec4 v0x5e04d2c519e0_0;
    %pad/s 64;
    %add;
    %jmp/0 T_0.1, 8;
 ; End of false expr.
    %blend;
T_0.1;
    %cast2;
    %store/vec4 v0x5e04d2c51fd0_0, 0, 64;
    %load/vec4 v0x5e04d2c51fd0_0;
    %pushi/vec4 4294967295, 0, 32;
    %concati/vec4 4294967288, 0, 32;
    %cmp/s;
    %flag_get/vec4 5;
    %pushi/vec4 7, 0, 64;
    %load/vec4 v0x5e04d2c51fd0_0;
    %cmp/s;
    %flag_get/vec4 5;
    %or;
    %store/vec4 v0x5e04d2c51b60_0, 0, 1;
    %load/vec4 v0x5e04d2c51f10_0;
    %flag_set/vec4 8;
    %jmp/0 T_0.2, 8;
    %load/vec4 v0x5e04d2c51900_0;
    %load/vec4 v0x5e04d2c519e0_0;
    %sub;
    %jmp/1 T_0.3, 8;
T_0.2 ; End of true expr.
    %load/vec4 v0x5e04d2c51900_0;
    %load/vec4 v0x5e04d2c519e0_0;
    %add;
    %jmp/0 T_0.3, 8;
 ; End of false expr.
    %blend;
T_0.3;
    %store/vec4 v0x5e04d2c51c20_0, 0, 4;
    %load/vec4 v0x5e04d2c51c20_0;
    %store/vec4 v0x5e04d2c53ec0_0, 0, 4;
    %pushi/vec4 0, 0, 1;
    %load/vec4 v0x5e04d2c51900_0;
    %concat/vec4; draw_concat_vec4
    %pushi/vec4 0, 0, 1;
    %load/vec4 v0x5e04d2c519e0_0;
    %concat/vec4; draw_concat_vec4
    %add;
    %store/vec4 v0x5e04d2c51d50_0, 0, 5;
    %pushi/vec4 0, 0, 1;
    %load/vec4 v0x5e04d2c51900_0;
    %concat/vec4; draw_concat_vec4
    %pushi/vec4 0, 0, 1;
    %load/vec4 v0x5e04d2c519e0_0;
    %concat/vec4; draw_concat_vec4
    %sub;
    %store/vec4 v0x5e04d2c51e30_0, 0, 5;
    %load/vec4 v0x5e04d2c51f10_0;
    %flag_set/vec4 8;
    %jmp/0 T_0.4, 8;
    %load/vec4 v0x5e04d2c51e30_0;
    %parti/s 1, 4, 4;
    %jmp/1 T_0.5, 8;
T_0.4 ; End of true expr.
    %load/vec4 v0x5e04d2c51d50_0;
    %parti/s 1, 4, 4;
    %jmp/0 T_0.5, 8;
 ; End of false expr.
    %blend;
T_0.5;
    %store/vec4 v0x5e04d2c51ac0_0, 0, 1;
    %delay 1000, 0;
    ; show_stmt_assign_vector: Get l-value for compressed += operand
    %load/vec4 v0x5e04d2c53bf0_0;
    %pushi/vec4 1, 0, 32;
    %add;
    %cast2;
    %store/vec4 v0x5e04d2c53bf0_0, 0, 32;
    %load/vec4 v0x5e04d2c53df0_0;
    %load/vec4 v0x5e04d2c51b60_0;
    %cmp/ne;
    %flag_mov 8, 6;
    %load/vec4 v0x5e04d2c53af0_0;
    %load/vec4 v0x5e04d2c51ac0_0;
    %cmp/ne;
    %flag_or 6, 8;
    %jmp/0xz  T_0.6, 6;
    ; show_stmt_assign_vector: Get l-value for compressed += operand
    %load/vec4 v0x5e04d2c53c90_0;
    %pushi/vec4 1, 0, 32;
    %add;
    %cast2;
    %store/vec4 v0x5e04d2c53c90_0, 0, 32;
    %load/vec4 v0x5e04d2c51900_0;
    %load/vec4 v0x5e04d2c519e0_0;
    %load/vec4 v0x5e04d2c51c20_0;
    %vpi_call/w 3 54 "$display", "FAIL: a=%0d b=%0d is_sub=%0b result=%0d | dut(ovf=%0b carry=%0b) expected(ovf=%0b carry=%0b) true_val=%0d", S<2,vec4,s4>, S<1,vec4,s4>, v0x5e04d2c51f10_0, S<0,vec4,s4>, v0x5e04d2c53df0_0, v0x5e04d2c53af0_0, v0x5e04d2c51b60_0, v0x5e04d2c51ac0_0, v0x5e04d2c51fd0_0 {3 0 0};
T_0.6 ;
    %end;
S_0x5e04d2c520b0 .scope module, "dut" "alu3" 3 15, 4 7 0, S_0x5e04d2c26810;
 .timescale 0 0;
    .port_info 0 /INPUT 4 "a";
    .port_info 1 /INPUT 4 "b";
    .port_info 2 /INPUT 4 "result";
    .port_info 3 /INPUT 1 "is_sub";
    .port_info 4 /OUTPUT 1 "overflow";
    .port_info 5 /OUTPUT 1 "carry";
P_0x5e04d2c52240 .param/l "W" 0 4 8, +C4<00000000000000000000000000000100>;
L_0x5e04d2c543e0 .functor XOR 1, L_0x5e04d2c54270, L_0x5e04d2c54310, C4<0>, C4<0>;
L_0x5e04d2c546f0 .functor XOR 1, L_0x5e04d2c54520, L_0x5e04d2c54610, C4<0>, C4<0>;
L_0x5e04d2c547b0 .functor AND 1, L_0x5e04d2c543e0, L_0x5e04d2c546f0, C4<1>, C4<1>;
L_0x5e04d2c54a50 .functor XNOR 1, L_0x5e04d2c548c0, L_0x5e04d2c54960, C4<0>, C4<0>;
L_0x5e04d2c54ce0 .functor XOR 1, L_0x5e04d2c54b40, L_0x5e04d2c54be0, C4<0>, C4<0>;
L_0x5e04d2c54da0 .functor AND 1, L_0x5e04d2c54a50, L_0x5e04d2c54ce0, C4<1>, C4<1>;
L_0x741ee8047018 .functor BUFT 1, C4<0>, C4<0>, C4<0>, C4<0>;
v0x5e04d2c523a0_0 .net/2u *"_ivl_0", 0 0, L_0x741ee8047018;  1 drivers
v0x5e04d2c524a0_0 .net *"_ivl_11", 0 0, L_0x5e04d2c54310;  1 drivers
v0x5e04d2c52580_0 .net *"_ivl_12", 0 0, L_0x5e04d2c543e0;  1 drivers
v0x5e04d2c52620_0 .net *"_ivl_15", 0 0, L_0x5e04d2c54520;  1 drivers
v0x5e04d2c52700_0 .net *"_ivl_17", 0 0, L_0x5e04d2c54610;  1 drivers
v0x5e04d2c52830_0 .net *"_ivl_18", 0 0, L_0x5e04d2c546f0;  1 drivers
v0x5e04d2c528f0_0 .net *"_ivl_21", 0 0, L_0x5e04d2c547b0;  1 drivers
v0x5e04d2c529b0_0 .net *"_ivl_23", 0 0, L_0x5e04d2c548c0;  1 drivers
v0x5e04d2c52a90_0 .net *"_ivl_25", 0 0, L_0x5e04d2c54960;  1 drivers
v0x5e04d2c52b70_0 .net *"_ivl_26", 0 0, L_0x5e04d2c54a50;  1 drivers
v0x5e04d2c52c30_0 .net *"_ivl_29", 0 0, L_0x5e04d2c54b40;  1 drivers
v0x5e04d2c52d10_0 .net *"_ivl_31", 0 0, L_0x5e04d2c54be0;  1 drivers
v0x5e04d2c52df0_0 .net *"_ivl_32", 0 0, L_0x5e04d2c54ce0;  1 drivers
v0x5e04d2c52eb0_0 .net *"_ivl_35", 0 0, L_0x5e04d2c54da0;  1 drivers
L_0x741ee8047060 .functor BUFT 1, C4<0>, C4<0>, C4<0>, C4<0>;
v0x5e04d2c52f70_0 .net/2u *"_ivl_4", 0 0, L_0x741ee8047060;  1 drivers
v0x5e04d2c53050_0 .net *"_ivl_9", 0 0, L_0x5e04d2c54270;  1 drivers
v0x5e04d2c53130_0 .net "a", 3 0, v0x5e04d2c53970_0;  1 drivers
v0x5e04d2c53210_0 .net "a_t", 4 0, L_0x5e04d2c53fc0;  1 drivers
v0x5e04d2c532f0_0 .net "b", 3 0, v0x5e04d2c53a50_0;  1 drivers
v0x5e04d2c533d0_0 .net "b_t", 4 0, L_0x5e04d2c54130;  1 drivers
v0x5e04d2c534b0_0 .net "carry", 0 0, L_0x5e04d2c550d0;  alias, 1 drivers
v0x5e04d2c53570_0 .net "is_sub", 0 0, v0x5e04d2c53d50_0;  1 drivers
v0x5e04d2c53630_0 .net "overflow", 0 0, L_0x5e04d2c54ef0;  alias, 1 drivers
v0x5e04d2c536f0_0 .net "result", 3 0, v0x5e04d2c53ec0_0;  1 drivers
v0x5e04d2c537d0_0 .var "result_t", 4 0;
E_0x5e04d2c23670 .event edge, v0x5e04d2c53570_0, v0x5e04d2c53210_0, v0x5e04d2c533d0_0;
L_0x5e04d2c53fc0 .concat [ 4 1 0 0], v0x5e04d2c53970_0, L_0x741ee8047018;
L_0x5e04d2c54130 .concat [ 4 1 0 0], v0x5e04d2c53a50_0, L_0x741ee8047060;
L_0x5e04d2c54270 .part v0x5e04d2c53970_0, 3, 1;
L_0x5e04d2c54310 .part v0x5e04d2c53a50_0, 3, 1;
L_0x5e04d2c54520 .part v0x5e04d2c53ec0_0, 3, 1;
L_0x5e04d2c54610 .part v0x5e04d2c53970_0, 3, 1;
L_0x5e04d2c548c0 .part v0x5e04d2c53970_0, 3, 1;
L_0x5e04d2c54960 .part v0x5e04d2c53a50_0, 3, 1;
L_0x5e04d2c54b40 .part v0x5e04d2c53ec0_0, 3, 1;
L_0x5e04d2c54be0 .part v0x5e04d2c53970_0, 3, 1;
L_0x5e04d2c54ef0 .functor MUXZ 1, L_0x5e04d2c54da0, L_0x5e04d2c547b0, v0x5e04d2c53d50_0, C4<>;
L_0x5e04d2c550d0 .part v0x5e04d2c537d0_0, 4, 1;
    .scope S_0x5e04d2c520b0;
T_1 ;
Ewait_0 .event/or E_0x5e04d2c23670, E_0x0;
    %wait Ewait_0;
    %load/vec4 v0x5e04d2c53570_0;
    %nor/r;
    %flag_set/vec4 8;
    %jmp/0xz  T_1.0, 8;
    %load/vec4 v0x5e04d2c53210_0;
    %load/vec4 v0x5e04d2c533d0_0;
    %add;
    %store/vec4 v0x5e04d2c537d0_0, 0, 5;
    %jmp T_1.1;
T_1.0 ;
    %load/vec4 v0x5e04d2c53210_0;
    %load/vec4 v0x5e04d2c533d0_0;
    %sub;
    %store/vec4 v0x5e04d2c537d0_0, 0, 5;
T_1.1 ;
    %jmp T_1;
    .thread T_1, $push;
    .scope S_0x5e04d2c26810;
T_2 ;
    %pushi/vec4 0, 0, 32;
    %store/vec4 v0x5e04d2c53bf0_0, 0, 32;
    %pushi/vec4 0, 0, 32;
    %store/vec4 v0x5e04d2c53c90_0, 0, 32;
    %end;
    .thread T_2, $init;
    .scope S_0x5e04d2c26810;
T_3 ;
    %fork t_1, S_0x5e04d2c1fae0;
    %jmp t_0;
    .scope S_0x5e04d2c1fae0;
t_1 ;
    %pushi/vec4 0, 0, 32;
    %store/vec4 v0x5e04d2c51600_0, 0, 32;
T_3.0 ;
    %load/vec4 v0x5e04d2c51600_0;
    %cmpi/s 16, 0, 32;
    %jmp/0xz T_3.1, 5;
    %fork t_3, S_0x5e04d2c1fcc0;
    %jmp t_2;
    .scope S_0x5e04d2c1fcc0;
t_3 ;
    %pushi/vec4 0, 0, 32;
    %store/vec4 v0x5e04d2c1fea0_0, 0, 32;
T_3.2 ;
    %load/vec4 v0x5e04d2c1fea0_0;
    %cmpi/s 16, 0, 32;
    %jmp/0xz T_3.3, 5;
    %alloc S_0x5e04d2c51700;
    %load/vec4 v0x5e04d2c51600_0;
    %parti/s 4, 0, 2;
    %store/vec4 v0x5e04d2c51900_0, 0, 4;
    %load/vec4 v0x5e04d2c1fea0_0;
    %parti/s 4, 0, 2;
    %store/vec4 v0x5e04d2c519e0_0, 0, 4;
    %pushi/vec4 0, 0, 1;
    %store/vec4 v0x5e04d2c51f10_0, 0, 1;
    %fork TD_alu3_tb.check, S_0x5e04d2c51700;
    %join;
    %free S_0x5e04d2c51700;
    %alloc S_0x5e04d2c51700;
    %load/vec4 v0x5e04d2c51600_0;
    %parti/s 4, 0, 2;
    %store/vec4 v0x5e04d2c51900_0, 0, 4;
    %load/vec4 v0x5e04d2c1fea0_0;
    %parti/s 4, 0, 2;
    %store/vec4 v0x5e04d2c519e0_0, 0, 4;
    %pushi/vec4 1, 0, 1;
    %store/vec4 v0x5e04d2c51f10_0, 0, 1;
    %fork TD_alu3_tb.check, S_0x5e04d2c51700;
    %join;
    %free S_0x5e04d2c51700;
    ; show_stmt_assign_vector: Get l-value for compressed += operand
    %load/vec4 v0x5e04d2c1fea0_0;
    %pushi/vec4 1, 0, 32;
    %add;
    %cast2;
    %store/vec4 v0x5e04d2c1fea0_0, 0, 32;
    %jmp T_3.2;
T_3.3 ;
    %end;
    .scope S_0x5e04d2c1fae0;
t_2 %join;
    ; show_stmt_assign_vector: Get l-value for compressed += operand
    %load/vec4 v0x5e04d2c51600_0;
    %pushi/vec4 1, 0, 32;
    %add;
    %cast2;
    %store/vec4 v0x5e04d2c51600_0, 0, 32;
    %jmp T_3.0;
T_3.1 ;
    %end;
    .scope S_0x5e04d2c26810;
t_0 %join;
    %load/vec4 v0x5e04d2c53c90_0;
    %cmpi/e 0, 0, 32;
    %jmp/0xz  T_3.4, 4;
    %vpi_call/w 3 70 "$display", "ALL %0d CHECKS PASSED", v0x5e04d2c53bf0_0 {0 0 0};
    %jmp T_3.5;
T_3.4 ;
    %vpi_call/w 3 71 "$display", "%0d / %0d CHECKS FAILED", v0x5e04d2c53c90_0, v0x5e04d2c53bf0_0 {0 0 0};
T_3.5 ;
    %vpi_call/w 3 73 "$finish" {0 0 0};
    %end;
    .thread T_3;
    .scope S_0x5e04d2c26810;
T_4 ;
    %vpi_call/w 3 77 "$dumpfile", "alu3_tb.vcd" {0 0 0};
    %vpi_call/w 3 78 "$dumpvars", 32'sb00000000000000000000000000000000, S_0x5e04d2c26810 {0 0 0};
    %end;
    .thread T_4;
# The file index is used to find the file name in the following table.
:file_names 5;
    "N/A";
    "<interactive>";
    "-";
    "testbench/alu3_tb.sv";
    "design/alu3/alu3.sv";
