#! /usr/bin/vvp
:ivl_version "11.0 (stable)";
:ivl_delay_selection "TYPICAL";
:vpi_time_precision - 12;
:vpi_module "/usr/lib/x86_64-linux-gnu/ivl/system.vpi";
:vpi_module "/usr/lib/x86_64-linux-gnu/ivl/vhdl_sys.vpi";
:vpi_module "/usr/lib/x86_64-linux-gnu/ivl/vhdl_textio.vpi";
:vpi_module "/usr/lib/x86_64-linux-gnu/ivl/v2005_math.vpi";
:vpi_module "/usr/lib/x86_64-linux-gnu/ivl/va_math.vpi";
:vpi_module "/usr/lib/x86_64-linux-gnu/ivl/v2009.vpi";
S_0x5cf4d346f1d0 .scope package, "$unit" "$unit" 2 1;
 .timescale 0 0;
S_0x5cf4d346f360 .scope module, "alu_tb" "alu_tb" 3 3;
 .timescale -9 -12;
v0x5cf4d34877a0_0 .var "a", 3 0;
v0x5cf4d3487880_0 .var "b", 3 0;
v0x5cf4d3487950_0 .var "clk", 0 0;
v0x5cf4d3487a20_0 .var "op", 1 0;
v0x5cf4d3487af0_0 .net "result", 3 0, v0x5cf4d3487510_0;  1 drivers
v0x5cf4d3487be0_0 .net "zero", 0 0, v0x5cf4d34875f0_0;  1 drivers
S_0x5cf4d3433cf0 .scope module, "a1" "alu" 3 12, 4 1 0, S_0x5cf4d346f360;
 .timescale 0 0;
    .port_info 0 /INPUT 4 "a";
    .port_info 1 /INPUT 4 "b";
    .port_info 2 /INPUT 2 "op";
    .port_info 3 /OUTPUT 4 "result";
    .port_info 4 /OUTPUT 1 "zero";
v0x5cf4d3435ba0_0 .net "a", 3 0, v0x5cf4d34877a0_0;  1 drivers
v0x5cf4d3487340_0 .net "b", 3 0, v0x5cf4d3487880_0;  1 drivers
v0x5cf4d3487420_0 .net "op", 1 0, v0x5cf4d3487a20_0;  1 drivers
v0x5cf4d3487510_0 .var "result", 3 0;
v0x5cf4d34875f0_0 .var "zero", 0 0;
E_0x5cf4d346d230 .event edge, v0x5cf4d3487420_0, v0x5cf4d3435ba0_0, v0x5cf4d3487340_0;
    .scope S_0x5cf4d3433cf0;
T_0 ;
Ewait_0 .event/or E_0x5cf4d346d230, E_0x0;
    %wait Ewait_0;
    %load/vec4 v0x5cf4d3487420_0;
    %dup/vec4;
    %pushi/vec4 0, 0, 2;
    %cmp/u;
    %jmp/1 T_0.0, 6;
    %dup/vec4;
    %pushi/vec4 1, 0, 2;
    %cmp/u;
    %jmp/1 T_0.1, 6;
    %dup/vec4;
    %pushi/vec4 2, 0, 2;
    %cmp/u;
    %jmp/1 T_0.2, 6;
    %dup/vec4;
    %pushi/vec4 3, 0, 2;
    %cmp/u;
    %jmp/1 T_0.3, 6;
    %pushi/vec4 0, 0, 4;
    %store/vec4 v0x5cf4d3487510_0, 0, 4;
    %jmp T_0.5;
T_0.0 ;
    %load/vec4 v0x5cf4d3435ba0_0;
    %load/vec4 v0x5cf4d3487340_0;
    %add;
    %store/vec4 v0x5cf4d3487510_0, 0, 4;
    %jmp T_0.5;
T_0.1 ;
    %load/vec4 v0x5cf4d3435ba0_0;
    %load/vec4 v0x5cf4d3487340_0;
    %sub;
    %store/vec4 v0x5cf4d3487510_0, 0, 4;
    %jmp T_0.5;
T_0.2 ;
    %load/vec4 v0x5cf4d3435ba0_0;
    %load/vec4 v0x5cf4d3487340_0;
    %mul;
    %store/vec4 v0x5cf4d3487510_0, 0, 4;
    %jmp T_0.5;
T_0.3 ;
    %load/vec4 v0x5cf4d3435ba0_0;
    %load/vec4 v0x5cf4d3487340_0;
    %div;
    %store/vec4 v0x5cf4d3487510_0, 0, 4;
    %jmp T_0.5;
T_0.5 ;
    %pop/vec4 1;
    %load/vec4 v0x5cf4d3487510_0;
    %pad/u 32;
    %pushi/vec4 0, 0, 32;
    %cmp/e;
    %flag_get/vec4 4;
    %store/vec4 v0x5cf4d34875f0_0, 0, 1;
    %jmp T_0;
    .thread T_0, $push;
    .scope S_0x5cf4d346f360;
T_1 ;
    %delay 5000, 0;
    %load/vec4 v0x5cf4d3487950_0;
    %inv;
    %store/vec4 v0x5cf4d3487950_0, 0, 1;
    %jmp T_1;
    .thread T_1;
    .scope S_0x5cf4d346f360;
T_2 ;
    %pushi/vec4 0, 0, 4;
    %store/vec4 v0x5cf4d34877a0_0, 0, 4;
    %pushi/vec4 0, 0, 4;
    %store/vec4 v0x5cf4d3487880_0, 0, 4;
    %pushi/vec4 0, 0, 2;
    %store/vec4 v0x5cf4d3487a20_0, 0, 2;
    %delay 10000, 0;
    %pushi/vec4 4, 0, 4;
    %store/vec4 v0x5cf4d34877a0_0, 0, 4;
    %pushi/vec4 2, 0, 4;
    %store/vec4 v0x5cf4d3487880_0, 0, 4;
    %pushi/vec4 0, 0, 2;
    %store/vec4 v0x5cf4d3487a20_0, 0, 2;
    %delay 10000, 0;
    %pushi/vec4 4, 0, 4;
    %store/vec4 v0x5cf4d34877a0_0, 0, 4;
    %pushi/vec4 2, 0, 4;
    %store/vec4 v0x5cf4d3487880_0, 0, 4;
    %pushi/vec4 1, 0, 2;
    %store/vec4 v0x5cf4d3487a20_0, 0, 2;
    %delay 10000, 0;
    %pushi/vec4 4, 0, 4;
    %store/vec4 v0x5cf4d34877a0_0, 0, 4;
    %pushi/vec4 2, 0, 4;
    %store/vec4 v0x5cf4d3487880_0, 0, 4;
    %pushi/vec4 2, 0, 2;
    %store/vec4 v0x5cf4d3487a20_0, 0, 2;
    %delay 10000, 0;
    %pushi/vec4 4, 0, 4;
    %store/vec4 v0x5cf4d34877a0_0, 0, 4;
    %pushi/vec4 2, 0, 4;
    %store/vec4 v0x5cf4d3487880_0, 0, 4;
    %pushi/vec4 3, 0, 2;
    %store/vec4 v0x5cf4d3487a20_0, 0, 2;
    %delay 10000, 0;
    %pushi/vec4 4, 0, 4;
    %store/vec4 v0x5cf4d34877a0_0, 0, 4;
    %pushi/vec4 4, 0, 4;
    %store/vec4 v0x5cf4d3487880_0, 0, 4;
    %pushi/vec4 1, 0, 2;
    %store/vec4 v0x5cf4d3487a20_0, 0, 2;
    %delay 10000, 0;
    %vpi_call/w 3 41 "$finish" {0 0 0};
    %end;
    .thread T_2;
    .scope S_0x5cf4d346f360;
T_3 ;
    %vpi_call/w 3 49 "$timeformat", 32'sb11111111111111111111111111110111, 32'sb00000000000000000000000000000001, " ns", 32'sb00000000000000000000000000001000 {0 0 0};
    %vpi_call/w 3 50 "$monitor", "time=%t a=%b b=%b op=%b result=%b, zero=%b", $time, v0x5cf4d34877a0_0, v0x5cf4d3487880_0, v0x5cf4d3487a20_0, v0x5cf4d3487af0_0, v0x5cf4d3487be0_0 {0 0 0};
    %vpi_call/w 3 51 "$dumpfile", "alu_tb.vcd" {0 0 0};
    %vpi_call/w 3 52 "$dumpvars", 32'sb00000000000000000000000000000000, S_0x5cf4d346f360 {0 0 0};
    %end;
    .thread T_3;
# The file index is used to find the file name in the following table.
:file_names 5;
    "N/A";
    "<interactive>";
    "-";
    "testbench/alu_tb.sv";
    "design/alu/alu.sv";
