#! /usr/bin/vvp
:ivl_version "11.0 (stable)";
:ivl_delay_selection "TYPICAL";
:vpi_time_precision - 12;
:vpi_module "/usr/lib/x86_64-linux-gnu/ivl/system.vpi";
:vpi_module "/usr/lib/x86_64-linux-gnu/ivl/vhdl_sys.vpi";
:vpi_module "/usr/lib/x86_64-linux-gnu/ivl/vhdl_textio.vpi";
:vpi_module "/usr/lib/x86_64-linux-gnu/ivl/v2005_math.vpi";
:vpi_module "/usr/lib/x86_64-linux-gnu/ivl/va_math.vpi";
:vpi_module "/usr/lib/x86_64-linux-gnu/ivl/v2009.vpi";
S_0x64995b362a50 .scope package, "$unit" "$unit" 2 1;
 .timescale 0 0;
S_0x64995b362be0 .scope module, "counter_tb" "counter_tb" 3 3;
 .timescale -9 -12;
P_0x64995b34d630 .param/l "CLK_PERIOD" 1 3 6, +C4<00000000000000000000000000001010>;
P_0x64995b34d670 .param/l "WIDTH" 1 3 5, +C4<00000000000000000000000000001000>;
v0x64995b379570_0 .var "clk", 0 0;
v0x64995b379630_0 .net "count", 7 0, v0x64995b34fbf0_0;  1 drivers
v0x64995b379700_0 .var "en", 0 0;
v0x64995b379800_0 .var "rst", 0 0;
E_0x64995b3615a0 .event posedge, v0x64995b34f870_0;
S_0x64995b352210 .scope module, "dut" "counter" 3 17, 4 1 0, S_0x64995b362be0;
 .timescale 0 0;
    .port_info 0 /INPUT 1 "clk";
    .port_info 1 /INPUT 1 "rst";
    .port_info 2 /INPUT 1 "en";
    .port_info 3 /OUTPUT 8 "count";
P_0x64995b3523f0 .param/l "WIDTH" 0 4 2, +C4<00000000000000000000000000001000>;
v0x64995b34f870_0 .net "clk", 0 0, v0x64995b379570_0;  1 drivers
v0x64995b34fbf0_0 .var "count", 7 0;
v0x64995b34ffa0_0 .net "en", 0 0, v0x64995b379700_0;  1 drivers
v0x64995b379400_0 .net "rst", 0 0, v0x64995b379800_0;  1 drivers
E_0x64995b361040/0 .event negedge, v0x64995b379400_0;
E_0x64995b361040/1 .event posedge, v0x64995b34f870_0;
E_0x64995b361040 .event/or E_0x64995b361040/0, E_0x64995b361040/1;
    .scope S_0x64995b352210;
T_0 ;
    %wait E_0x64995b361040;
    %load/vec4 v0x64995b379400_0;
    %nor/r;
    %flag_set/vec4 8;
    %jmp/0xz  T_0.0, 8;
    %pushi/vec4 0, 0, 8;
    %assign/vec4 v0x64995b34fbf0_0, 0;
    %jmp T_0.1;
T_0.0 ;
    %load/vec4 v0x64995b34ffa0_0;
    %flag_set/vec4 8;
    %jmp/0xz  T_0.2, 8;
    %load/vec4 v0x64995b34fbf0_0;
    %addi 1, 0, 8;
    %assign/vec4 v0x64995b34fbf0_0, 0;
T_0.2 ;
T_0.1 ;
    %jmp T_0;
    .thread T_0;
    .scope S_0x64995b362be0;
T_1 ;
    %pushi/vec4 0, 0, 1;
    %store/vec4 v0x64995b379570_0, 0, 1;
    %end;
    .thread T_1;
    .scope S_0x64995b362be0;
T_2 ;
    %delay 5000, 0;
    %load/vec4 v0x64995b379570_0;
    %inv;
    %store/vec4 v0x64995b379570_0, 0, 1;
    %jmp T_2;
    .thread T_2;
    .scope S_0x64995b362be0;
T_3 ;
    %pushi/vec4 0, 0, 1;
    %store/vec4 v0x64995b379800_0, 0, 1;
    %pushi/vec4 0, 0, 1;
    %store/vec4 v0x64995b379700_0, 0, 1;
    %pushi/vec4 2, 0, 32;
T_3.0 %dup/vec4;
    %pushi/vec4 0, 0, 32;
    %cmp/s;
    %jmp/1xz T_3.1, 5;
    %jmp/1 T_3.1, 4;
    %pushi/vec4 1, 0, 32;
    %sub;
    %wait E_0x64995b3615a0;
    %jmp T_3.0;
T_3.1 ;
    %pop/vec4 1;
    %pushi/vec4 1, 0, 1;
    %store/vec4 v0x64995b379800_0, 0, 1;
    %pushi/vec4 2, 0, 32;
T_3.2 %dup/vec4;
    %pushi/vec4 0, 0, 32;
    %cmp/s;
    %jmp/1xz T_3.3, 5;
    %jmp/1 T_3.3, 4;
    %pushi/vec4 1, 0, 32;
    %sub;
    %wait E_0x64995b3615a0;
    %jmp T_3.2;
T_3.3 ;
    %pop/vec4 1;
    %pushi/vec4 1, 0, 1;
    %store/vec4 v0x64995b379700_0, 0, 1;
    %pushi/vec4 10, 0, 32;
T_3.4 %dup/vec4;
    %pushi/vec4 0, 0, 32;
    %cmp/s;
    %jmp/1xz T_3.5, 5;
    %jmp/1 T_3.5, 4;
    %pushi/vec4 1, 0, 32;
    %sub;
    %wait E_0x64995b3615a0;
    %jmp T_3.4;
T_3.5 ;
    %pop/vec4 1;
    %pushi/vec4 0, 0, 1;
    %store/vec4 v0x64995b379700_0, 0, 1;
    %pushi/vec4 5, 0, 32;
T_3.6 %dup/vec4;
    %pushi/vec4 0, 0, 32;
    %cmp/s;
    %jmp/1xz T_3.7, 5;
    %jmp/1 T_3.7, 4;
    %pushi/vec4 1, 0, 32;
    %sub;
    %wait E_0x64995b3615a0;
    %jmp T_3.6;
T_3.7 ;
    %pop/vec4 1;
    %vpi_call/w 3 45 "$finish" {0 0 0};
    %end;
    .thread T_3;
    .scope S_0x64995b362be0;
T_4 ;
    %vpi_call/w 3 50 "$timeformat", 32'sb11111111111111111111111111110111, 32'sb00000000000000000000000000000001, " ns", 32'sb00000000000000000000000000001000 {0 0 0};
    %vpi_call/w 3 51 "$monitor", "time=%t clk=%b rst=%b en=%b count=%2d", $time, v0x64995b379570_0, v0x64995b379800_0, v0x64995b379700_0, v0x64995b379630_0 {0 0 0};
    %vpi_call/w 3 52 "$dumpfile", "counter_tb.vcd" {0 0 0};
    %vpi_call/w 3 53 "$dumpvars", 32'sb00000000000000000000000000000000, S_0x64995b362be0 {0 0 0};
    %end;
    .thread T_4;
# The file index is used to find the file name in the following table.
:file_names 5;
    "N/A";
    "<interactive>";
    "-";
    "testbench/counter_tb.sv";
    "design/counter/counter.sv";
