#! /usr/bin/vvp
:ivl_version "11.0 (stable)";
:ivl_delay_selection "TYPICAL";
:vpi_time_precision + 0;
:vpi_module "/usr/lib/x86_64-linux-gnu/ivl/system.vpi";
:vpi_module "/usr/lib/x86_64-linux-gnu/ivl/vhdl_sys.vpi";
:vpi_module "/usr/lib/x86_64-linux-gnu/ivl/vhdl_textio.vpi";
:vpi_module "/usr/lib/x86_64-linux-gnu/ivl/v2005_math.vpi";
:vpi_module "/usr/lib/x86_64-linux-gnu/ivl/va_math.vpi";
:vpi_module "/usr/lib/x86_64-linux-gnu/ivl/v2009.vpi";
S_0x5e1e7bea0410 .scope package, "$unit" "$unit" 2 1;
 .timescale 0 0;
S_0x5e1e7bea05a0 .scope module, "priority_enc_tb" "priority_enc_tb" 3 1;
 .timescale 0 0;
P_0x5e1e7be91380 .param/l "N" 1 3 3, +C4<00000000000000000000000000001000>;
P_0x5e1e7be913c0 .param/l "W" 1 3 4, +C4<00000000000000000000000000000011>;
v0x5e1e7bec6a50_0 .var/2s "checks", 31 0;
v0x5e1e7bec6b30_0 .net "enc", 2 0, v0x5e1e7bec6720_0;  1 drivers
v0x5e1e7bec6c20_0 .var/2s "errors", 31 0;
v0x5e1e7bec6cf0_0 .var "req", 7 0;
v0x5e1e7bec6de0_0 .net "valid", 0 0, v0x5e1e7bec6900_0;  1 drivers
S_0x5e1e7be93290 .scope begin, "$ivl_for_loop0" "$ivl_for_loop0" 3 72, 3 72 0, S_0x5e1e7bea05a0;
 .timescale 0 0;
v0x5e1e7be93470_0 .var/2s "i", 31 0;
S_0x5e1e7bec5ef0 .scope autotask, "check" "check" 3 25, 3 25 0, S_0x5e1e7bea05a0;
 .timescale 0 0;
v0x5e1e7bec60f0_0 .var "enc_expected", 2 0;
v0x5e1e7bec61d0_0 .var "req", 7 0;
v0x5e1e7bec62b0_0 .var "valid_expt", 0 0;
TD_priority_enc_tb.check ;
    %load/vec4 v0x5e1e7bec61d0_0;
    %cmpi/e 0, 0, 8;
    %jmp/0xz  T_0.0, 4;
    %pushi/vec4 0, 0, 3;
    %store/vec4 v0x5e1e7bec60f0_0, 0, 3;
    %pushi/vec4 0, 0, 1;
    %store/vec4 v0x5e1e7bec62b0_0, 0, 1;
    %jmp T_0.1;
T_0.0 ;
    %load/vec4 v0x5e1e7bec61d0_0;
    %parti/s 1, 7, 4;
    %cmpi/e 1, 0, 1;
    %jmp/0xz  T_0.2, 4;
    %pushi/vec4 7, 0, 3;
    %store/vec4 v0x5e1e7bec60f0_0, 0, 3;
    %pushi/vec4 1, 0, 1;
    %store/vec4 v0x5e1e7bec62b0_0, 0, 1;
    %jmp T_0.3;
T_0.2 ;
    %load/vec4 v0x5e1e7bec61d0_0;
    %parti/s 1, 6, 4;
    %cmpi/e 1, 0, 1;
    %jmp/0xz  T_0.4, 4;
    %pushi/vec4 6, 0, 3;
    %store/vec4 v0x5e1e7bec60f0_0, 0, 3;
    %pushi/vec4 1, 0, 1;
    %store/vec4 v0x5e1e7bec62b0_0, 0, 1;
    %jmp T_0.5;
T_0.4 ;
    %load/vec4 v0x5e1e7bec61d0_0;
    %parti/s 1, 5, 4;
    %cmpi/e 1, 0, 1;
    %jmp/0xz  T_0.6, 4;
    %pushi/vec4 5, 0, 3;
    %store/vec4 v0x5e1e7bec60f0_0, 0, 3;
    %pushi/vec4 1, 0, 1;
    %store/vec4 v0x5e1e7bec62b0_0, 0, 1;
    %jmp T_0.7;
T_0.6 ;
    %load/vec4 v0x5e1e7bec61d0_0;
    %parti/s 1, 4, 4;
    %cmpi/e 1, 0, 1;
    %jmp/0xz  T_0.8, 4;
    %pushi/vec4 4, 0, 3;
    %store/vec4 v0x5e1e7bec60f0_0, 0, 3;
    %pushi/vec4 1, 0, 1;
    %store/vec4 v0x5e1e7bec62b0_0, 0, 1;
    %jmp T_0.9;
T_0.8 ;
    %load/vec4 v0x5e1e7bec61d0_0;
    %parti/s 1, 3, 3;
    %cmpi/e 1, 0, 1;
    %jmp/0xz  T_0.10, 4;
    %pushi/vec4 3, 0, 3;
    %store/vec4 v0x5e1e7bec60f0_0, 0, 3;
    %pushi/vec4 1, 0, 1;
    %store/vec4 v0x5e1e7bec62b0_0, 0, 1;
    %jmp T_0.11;
T_0.10 ;
    %load/vec4 v0x5e1e7bec61d0_0;
    %parti/s 1, 2, 3;
    %cmpi/e 1, 0, 1;
    %jmp/0xz  T_0.12, 4;
    %pushi/vec4 2, 0, 3;
    %store/vec4 v0x5e1e7bec60f0_0, 0, 3;
    %pushi/vec4 1, 0, 1;
    %store/vec4 v0x5e1e7bec62b0_0, 0, 1;
    %jmp T_0.13;
T_0.12 ;
    %load/vec4 v0x5e1e7bec61d0_0;
    %parti/s 1, 1, 2;
    %cmpi/e 1, 0, 1;
    %jmp/0xz  T_0.14, 4;
    %pushi/vec4 1, 0, 3;
    %store/vec4 v0x5e1e7bec60f0_0, 0, 3;
    %pushi/vec4 1, 0, 1;
    %store/vec4 v0x5e1e7bec62b0_0, 0, 1;
    %jmp T_0.15;
T_0.14 ;
    %load/vec4 v0x5e1e7bec61d0_0;
    %parti/s 1, 0, 2;
    %cmpi/e 1, 0, 1;
    %jmp/0xz  T_0.16, 4;
    %pushi/vec4 0, 0, 3;
    %store/vec4 v0x5e1e7bec60f0_0, 0, 3;
    %pushi/vec4 1, 0, 1;
    %store/vec4 v0x5e1e7bec62b0_0, 0, 1;
T_0.16 ;
T_0.15 ;
T_0.13 ;
T_0.11 ;
T_0.9 ;
T_0.7 ;
T_0.5 ;
T_0.3 ;
T_0.1 ;
    %delay 1, 0;
    %load/vec4 v0x5e1e7bec6b30_0;
    %load/vec4 v0x5e1e7bec60f0_0;
    %cmp/ne;
    %flag_mov 8, 6;
    %load/vec4 v0x5e1e7bec6de0_0;
    %load/vec4 v0x5e1e7bec62b0_0;
    %cmp/ne;
    %flag_or 6, 8;
    %jmp/0xz  T_0.18, 6;
    %vpi_call/w 3 61 "$display", "FAIL: req=%b | dut(enc=%b valid=%b) expected(enc=%b valid=%b)", v0x5e1e7bec61d0_0, v0x5e1e7bec6b30_0, v0x5e1e7bec6de0_0, v0x5e1e7bec60f0_0, v0x5e1e7bec62b0_0 {0 0 0};
    ; show_stmt_assign_vector: Get l-value for compressed += operand
    %load/vec4 v0x5e1e7bec6c20_0;
    %pushi/vec4 1, 0, 32;
    %add;
    %cast2;
    %store/vec4 v0x5e1e7bec6c20_0, 0, 32;
    %jmp T_0.19;
T_0.18 ;
    %vpi_call/w 3 65 "$display", "PASS: req=%b | dut(enc=%b valid=%b) expected(enc=%b valid=%b)", v0x5e1e7bec61d0_0, v0x5e1e7bec6b30_0, v0x5e1e7bec6de0_0, v0x5e1e7bec60f0_0, v0x5e1e7bec62b0_0 {0 0 0};
T_0.19 ;
    ; show_stmt_assign_vector: Get l-value for compressed += operand
    %load/vec4 v0x5e1e7bec6a50_0;
    %pushi/vec4 1, 0, 32;
    %add;
    %cast2;
    %store/vec4 v0x5e1e7bec6a50_0, 0, 32;
    %end;
S_0x5e1e7bec6380 .scope module, "dut" "priority_enc" 3 17, 4 1 0, S_0x5e1e7bea05a0;
 .timescale 0 0;
    .port_info 0 /INPUT 8 "req";
    .port_info 1 /OUTPUT 3 "enc";
    .port_info 2 /OUTPUT 1 "valid";
P_0x5e1e7be91800 .param/l "N" 0 4 2, +C4<00000000000000000000000000001000>;
P_0x5e1e7be91840 .param/l "W" 0 4 3, +C4<00000000000000000000000000000011>;
v0x5e1e7bec6720_0 .var "enc", 2 0;
v0x5e1e7bec6820_0 .net "req", 7 0, v0x5e1e7bec6cf0_0;  1 drivers
v0x5e1e7bec6900_0 .var "valid", 0 0;
E_0x5e1e7be9b760 .event edge, v0x5e1e7bec6820_0;
    .scope S_0x5e1e7bec6380;
T_1 ;
Ewait_0 .event/or E_0x5e1e7be9b760, E_0x0;
    %wait Ewait_0;
    %load/vec4 v0x5e1e7bec6820_0;
    %dup/vec4;
    %pushi/vec4 128, 127, 8;
    %cmp/z;
    %jmp/1 T_1.0, 4;
    %dup/vec4;
    %pushi/vec4 64, 63, 8;
    %cmp/z;
    %jmp/1 T_1.1, 4;
    %dup/vec4;
    %pushi/vec4 32, 31, 8;
    %cmp/z;
    %jmp/1 T_1.2, 4;
    %dup/vec4;
    %pushi/vec4 16, 15, 8;
    %cmp/z;
    %jmp/1 T_1.3, 4;
    %dup/vec4;
    %pushi/vec4 8, 7, 8;
    %cmp/z;
    %jmp/1 T_1.4, 4;
    %dup/vec4;
    %pushi/vec4 4, 3, 8;
    %cmp/z;
    %jmp/1 T_1.5, 4;
    %dup/vec4;
    %pushi/vec4 2, 1, 8;
    %cmp/z;
    %jmp/1 T_1.6, 4;
    %dup/vec4;
    %pushi/vec4 1, 0, 8;
    %cmp/z;
    %jmp/1 T_1.7, 4;
    %pushi/vec4 0, 0, 3;
    %store/vec4 v0x5e1e7bec6720_0, 0, 3;
    %pushi/vec4 0, 0, 1;
    %store/vec4 v0x5e1e7bec6900_0, 0, 1;
    %jmp T_1.9;
T_1.0 ;
    %pushi/vec4 7, 0, 3;
    %store/vec4 v0x5e1e7bec6720_0, 0, 3;
    %pushi/vec4 1, 0, 1;
    %store/vec4 v0x5e1e7bec6900_0, 0, 1;
    %jmp T_1.9;
T_1.1 ;
    %pushi/vec4 6, 0, 3;
    %store/vec4 v0x5e1e7bec6720_0, 0, 3;
    %pushi/vec4 1, 0, 1;
    %store/vec4 v0x5e1e7bec6900_0, 0, 1;
    %jmp T_1.9;
T_1.2 ;
    %pushi/vec4 5, 0, 3;
    %store/vec4 v0x5e1e7bec6720_0, 0, 3;
    %pushi/vec4 1, 0, 1;
    %store/vec4 v0x5e1e7bec6900_0, 0, 1;
    %jmp T_1.9;
T_1.3 ;
    %pushi/vec4 4, 0, 3;
    %store/vec4 v0x5e1e7bec6720_0, 0, 3;
    %pushi/vec4 1, 0, 1;
    %store/vec4 v0x5e1e7bec6900_0, 0, 1;
    %jmp T_1.9;
T_1.4 ;
    %pushi/vec4 3, 0, 3;
    %store/vec4 v0x5e1e7bec6720_0, 0, 3;
    %pushi/vec4 1, 0, 1;
    %store/vec4 v0x5e1e7bec6900_0, 0, 1;
    %jmp T_1.9;
T_1.5 ;
    %pushi/vec4 2, 0, 3;
    %store/vec4 v0x5e1e7bec6720_0, 0, 3;
    %pushi/vec4 1, 0, 1;
    %store/vec4 v0x5e1e7bec6900_0, 0, 1;
    %jmp T_1.9;
T_1.6 ;
    %pushi/vec4 1, 0, 3;
    %store/vec4 v0x5e1e7bec6720_0, 0, 3;
    %pushi/vec4 1, 0, 1;
    %store/vec4 v0x5e1e7bec6900_0, 0, 1;
    %jmp T_1.9;
T_1.7 ;
    %pushi/vec4 0, 0, 3;
    %store/vec4 v0x5e1e7bec6720_0, 0, 3;
    %pushi/vec4 1, 0, 1;
    %store/vec4 v0x5e1e7bec6900_0, 0, 1;
    %jmp T_1.9;
T_1.9 ;
    %pop/vec4 1;
    %jmp T_1;
    .thread T_1, $push;
    .scope S_0x5e1e7bea05a0;
T_2 ;
    %pushi/vec4 0, 0, 32;
    %store/vec4 v0x5e1e7bec6a50_0, 0, 32;
    %pushi/vec4 0, 0, 32;
    %store/vec4 v0x5e1e7bec6c20_0, 0, 32;
    %end;
    .thread T_2, $init;
    .scope S_0x5e1e7bea05a0;
T_3 ;
    %fork t_1, S_0x5e1e7be93290;
    %jmp t_0;
    .scope S_0x5e1e7be93290;
t_1 ;
    %pushi/vec4 0, 0, 32;
    %store/vec4 v0x5e1e7be93470_0, 0, 32;
T_3.0 ;
    %load/vec4 v0x5e1e7be93470_0;
    %cmpi/s 256, 0, 32;
    %jmp/0xz T_3.1, 5;
    %load/vec4 v0x5e1e7be93470_0;
    %pad/s 8;
    %store/vec4 v0x5e1e7bec6cf0_0, 0, 8;
    %alloc S_0x5e1e7bec5ef0;
    %load/vec4 v0x5e1e7be93470_0;
    %pad/s 8;
    %store/vec4 v0x5e1e7bec61d0_0, 0, 8;
    %fork TD_priority_enc_tb.check, S_0x5e1e7bec5ef0;
    %join;
    %free S_0x5e1e7bec5ef0;
    ; show_stmt_assign_vector: Get l-value for compressed += operand
    %load/vec4 v0x5e1e7be93470_0;
    %pushi/vec4 1, 0, 32;
    %add;
    %cast2;
    %store/vec4 v0x5e1e7be93470_0, 0, 32;
    %jmp T_3.0;
T_3.1 ;
    %end;
    .scope S_0x5e1e7bea05a0;
t_0 %join;
    %load/vec4 v0x5e1e7bec6c20_0;
    %cmpi/e 0, 0, 32;
    %jmp/0xz  T_3.2, 4;
    %vpi_call/w 3 78 "$display", "All %0d checks passed!", v0x5e1e7bec6a50_0 {0 0 0};
    %jmp T_3.3;
T_3.2 ;
    %vpi_call/w 3 80 "$display", "%0d of %0d checks failed.", v0x5e1e7bec6c20_0, v0x5e1e7bec6a50_0 {0 0 0};
T_3.3 ;
    %vpi_call/w 3 83 "$finish" {0 0 0};
    %end;
    .thread T_3;
    .scope S_0x5e1e7bea05a0;
T_4 ;
    %delay 1, 0;
    %vpi_call/w 3 88 "$dumpfile", "priority_enc_tb.vcd" {0 0 0};
    %vpi_call/w 3 89 "$dumpvars", 32'sb00000000000000000000000000000000, S_0x5e1e7bea05a0 {0 0 0};
    %end;
    .thread T_4;
# The file index is used to find the file name in the following table.
:file_names 5;
    "N/A";
    "<interactive>";
    "-";
    "testbench/priority_enc_tb.sv";
    "design/priority_enc/priority_enc.sv";
