#! /usr/bin/vvp
:ivl_version "11.0 (stable)";
:ivl_delay_selection "TYPICAL";
:vpi_time_precision - 12;
:vpi_module "/usr/lib/x86_64-linux-gnu/ivl/system.vpi";
:vpi_module "/usr/lib/x86_64-linux-gnu/ivl/vhdl_sys.vpi";
:vpi_module "/usr/lib/x86_64-linux-gnu/ivl/vhdl_textio.vpi";
:vpi_module "/usr/lib/x86_64-linux-gnu/ivl/v2005_math.vpi";
:vpi_module "/usr/lib/x86_64-linux-gnu/ivl/va_math.vpi";
:vpi_module "/usr/lib/x86_64-linux-gnu/ivl/v2009.vpi";
S_0x5d59e3417610 .scope package, "$unit" "$unit" 2 1;
 .timescale 0 0;
S_0x5d59e34177a0 .scope module, "regfile_tb" "regfile_tb" 3 3;
 .timescale -9 -12;
P_0x5d59e33d8620 .param/l "ADDR_WIDTH" 1 3 5, +C4<00000000000000000000000000000011>;
P_0x5d59e33d8660 .param/l "CLK_PERIOD" 1 3 6, +C4<00000000000000000000000000001010>;
P_0x5d59e33d86a0 .param/l "DATA_WIDTH" 1 3 4, +C4<00000000000000000000000000001000>;
v0x5d59e343a4e0_0 .var "clk", 0 0;
v0x5d59e343a5a0_0 .var "raddr1", 2 0;
v0x5d59e343a670_0 .var "raddr2", 2 0;
v0x5d59e343a770_0 .net "rdata1", 7 0, v0x5d59e3406190_0;  1 drivers
v0x5d59e343a840_0 .net "rdata2", 7 0, v0x5d59e3406230_0;  1 drivers
v0x5d59e343a8e0_0 .var "rst", 0 0;
v0x5d59e343a9b0_0 .var "waddr", 2 0;
v0x5d59e343aa80_0 .var "wdata", 7 0;
v0x5d59e343ab50_0 .var "we", 0 0;
E_0x5d59e3410920 .event negedge, v0x5d59e3404590_0;
S_0x5d59e3408030 .scope module, "dut" "regfile" 3 21, 4 9 0, S_0x5d59e34177a0;
 .timescale 0 0;
    .port_info 0 /INPUT 1 "clk";
    .port_info 1 /INPUT 1 "rst";
    .port_info 2 /INPUT 1 "we";
    .port_info 3 /INPUT 3 "waddr";
    .port_info 4 /INPUT 8 "wdata";
    .port_info 5 /INPUT 3 "raddr1";
    .port_info 6 /INPUT 3 "raddr2";
    .port_info 7 /OUTPUT 8 "rdata1";
    .port_info 8 /OUTPUT 8 "rdata2";
P_0x5d59e3401150 .param/l "ADDR_WIDTH" 0 4 11, +C4<00000000000000000000000000000011>;
P_0x5d59e3401190 .param/l "DATA_WIDTH" 0 4 10, +C4<00000000000000000000000000001000>;
v0x5d59e3404590_0 .net "clk", 0 0, v0x5d59e343a4e0_0;  1 drivers
v0x5d59e3404970_0 .net "raddr1", 2 0, v0x5d59e343a5a0_0;  1 drivers
v0x5d59e3405560_0 .net "raddr2", 2 0, v0x5d59e343a670_0;  1 drivers
v0x5d59e3406190_0 .var "rdata1", 7 0;
v0x5d59e3406230_0 .var "rdata2", 7 0;
v0x5d59e3439e70 .array "registers", 0 7, 7 0;
v0x5d59e343a080_0 .net "rst", 0 0, v0x5d59e343a8e0_0;  1 drivers
v0x5d59e343a140_0 .net "waddr", 2 0, v0x5d59e343a9b0_0;  1 drivers
v0x5d59e343a220_0 .net "wdata", 7 0, v0x5d59e343aa80_0;  1 drivers
v0x5d59e343a300_0 .net "we", 0 0, v0x5d59e343ab50_0;  1 drivers
v0x5d59e3439e70_0 .array/port v0x5d59e3439e70, 0;
v0x5d59e3439e70_1 .array/port v0x5d59e3439e70, 1;
v0x5d59e3439e70_2 .array/port v0x5d59e3439e70, 2;
E_0x5d59e3410e40/0 .event edge, v0x5d59e3404970_0, v0x5d59e3439e70_0, v0x5d59e3439e70_1, v0x5d59e3439e70_2;
v0x5d59e3439e70_3 .array/port v0x5d59e3439e70, 3;
v0x5d59e3439e70_4 .array/port v0x5d59e3439e70, 4;
v0x5d59e3439e70_5 .array/port v0x5d59e3439e70, 5;
v0x5d59e3439e70_6 .array/port v0x5d59e3439e70, 6;
E_0x5d59e3410e40/1 .event edge, v0x5d59e3439e70_3, v0x5d59e3439e70_4, v0x5d59e3439e70_5, v0x5d59e3439e70_6;
v0x5d59e3439e70_7 .array/port v0x5d59e3439e70, 7;
E_0x5d59e3410e40/2 .event edge, v0x5d59e3439e70_7, v0x5d59e3405560_0;
E_0x5d59e3410e40 .event/or E_0x5d59e3410e40/0, E_0x5d59e3410e40/1, E_0x5d59e3410e40/2;
E_0x5d59e34103f0/0 .event negedge, v0x5d59e343a080_0;
E_0x5d59e34103f0/1 .event posedge, v0x5d59e3404590_0;
E_0x5d59e34103f0 .event/or E_0x5d59e34103f0/0, E_0x5d59e34103f0/1;
S_0x5d59e34083f0 .scope begin, "$ivl_for_loop0" "$ivl_for_loop0" 4 40, 4 40 0, S_0x5d59e3408030;
 .timescale 0 0;
v0x5d59e3403aa0_0 .var/2s "i", 31 0;
S_0x5d59e3439a90 .scope begin, "$ivl_for_loop1" "$ivl_for_loop1" 4 48, 4 48 0, S_0x5d59e3408030;
 .timescale 0 0;
v0x5d59e34041d0_0 .var/2s "i", 31 0;
    .scope S_0x5d59e3408030;
T_0 ;
    %wait E_0x5d59e34103f0;
    %load/vec4 v0x5d59e343a080_0;
    %nor/r;
    %flag_set/vec4 8;
    %jmp/0xz  T_0.0, 8;
    %fork t_1, S_0x5d59e34083f0;
    %jmp t_0;
    .scope S_0x5d59e34083f0;
t_1 ;
    %pushi/vec4 0, 0, 32;
    %store/vec4 v0x5d59e3403aa0_0, 0, 32;
T_0.2 ;
    %load/vec4 v0x5d59e3403aa0_0;
    %cmpi/s 8, 0, 32;
    %jmp/0xz T_0.3, 5;
    %pushi/vec4 0, 0, 8;
    %ix/getv/s 3, v0x5d59e3403aa0_0;
    %ix/load 4, 0, 0; Constant delay
    %assign/vec4/a/d v0x5d59e3439e70, 0, 4;
    ; show_stmt_assign_vector: Get l-value for compressed += operand
    %load/vec4 v0x5d59e3403aa0_0;
    %pushi/vec4 1, 0, 32;
    %add;
    %cast2;
    %store/vec4 v0x5d59e3403aa0_0, 0, 32;
    %jmp T_0.2;
T_0.3 ;
    %end;
    .scope S_0x5d59e3408030;
t_0 %join;
    %jmp T_0.1;
T_0.0 ;
    %load/vec4 v0x5d59e343a300_0;
    %flag_set/vec4 8;
    %jmp/0xz  T_0.4, 8;
    %load/vec4 v0x5d59e343a140_0;
    %pad/u 32;
    %cmpi/ne 0, 0, 32;
    %jmp/0xz  T_0.6, 4;
    %load/vec4 v0x5d59e343a220_0;
    %load/vec4 v0x5d59e343a140_0;
    %pad/u 5;
    %ix/vec4 3;
    %ix/load 4, 0, 0; Constant delay
    %assign/vec4/a/d v0x5d59e3439e70, 0, 4;
T_0.6 ;
    %jmp T_0.5;
T_0.4 ;
    %fork t_3, S_0x5d59e3439a90;
    %jmp t_2;
    .scope S_0x5d59e3439a90;
t_3 ;
    %pushi/vec4 0, 0, 32;
    %store/vec4 v0x5d59e34041d0_0, 0, 32;
T_0.8 ;
    %load/vec4 v0x5d59e34041d0_0;
    %cmpi/s 8, 0, 32;
    %jmp/0xz T_0.9, 5;
    %ix/getv/s 4, v0x5d59e34041d0_0;
    %load/vec4a v0x5d59e3439e70, 4;
    %ix/getv/s 3, v0x5d59e34041d0_0;
    %ix/load 4, 0, 0; Constant delay
    %assign/vec4/a/d v0x5d59e3439e70, 0, 4;
    ; show_stmt_assign_vector: Get l-value for compressed += operand
    %load/vec4 v0x5d59e34041d0_0;
    %pushi/vec4 1, 0, 32;
    %add;
    %cast2;
    %store/vec4 v0x5d59e34041d0_0, 0, 32;
    %jmp T_0.8;
T_0.9 ;
    %end;
    .scope S_0x5d59e3408030;
t_2 %join;
T_0.5 ;
T_0.1 ;
    %jmp T_0;
    .thread T_0;
    .scope S_0x5d59e3408030;
T_1 ;
Ewait_0 .event/or E_0x5d59e3410e40, E_0x0;
    %wait Ewait_0;
    %load/vec4 v0x5d59e3404970_0;
    %pad/u 5;
    %ix/vec4 4;
    %load/vec4a v0x5d59e3439e70, 4;
    %store/vec4 v0x5d59e3406190_0, 0, 8;
    %load/vec4 v0x5d59e3405560_0;
    %pad/u 5;
    %ix/vec4 4;
    %load/vec4a v0x5d59e3439e70, 4;
    %store/vec4 v0x5d59e3406230_0, 0, 8;
    %jmp T_1;
    .thread T_1, $push;
    .scope S_0x5d59e34177a0;
T_2 ;
    %pushi/vec4 0, 0, 1;
    %store/vec4 v0x5d59e343a4e0_0, 0, 1;
    %end;
    .thread T_2;
    .scope S_0x5d59e34177a0;
T_3 ;
    %delay 5000, 0;
    %load/vec4 v0x5d59e343a4e0_0;
    %inv;
    %store/vec4 v0x5d59e343a4e0_0, 0, 1;
    %jmp T_3;
    .thread T_3;
    .scope S_0x5d59e34177a0;
T_4 ;
    %pushi/vec4 0, 0, 1;
    %store/vec4 v0x5d59e343a8e0_0, 0, 1;
    %pushi/vec4 0, 0, 1;
    %store/vec4 v0x5d59e343ab50_0, 0, 1;
    %pushi/vec4 0, 0, 3;
    %store/vec4 v0x5d59e343a9b0_0, 0, 3;
    %pushi/vec4 0, 0, 8;
    %store/vec4 v0x5d59e343aa80_0, 0, 8;
    %pushi/vec4 0, 0, 3;
    %store/vec4 v0x5d59e343a5a0_0, 0, 3;
    %pushi/vec4 0, 0, 3;
    %store/vec4 v0x5d59e343a670_0, 0, 3;
    %pushi/vec4 2, 0, 32;
T_4.0 %dup/vec4;
    %pushi/vec4 0, 0, 32;
    %cmp/s;
    %jmp/1xz T_4.1, 5;
    %jmp/1 T_4.1, 4;
    %pushi/vec4 1, 0, 32;
    %sub;
    %wait E_0x5d59e3410920;
    %jmp T_4.0;
T_4.1 ;
    %pop/vec4 1;
    %pushi/vec4 1, 0, 1;
    %store/vec4 v0x5d59e343a8e0_0, 0, 1;
    %pushi/vec4 2, 0, 32;
T_4.2 %dup/vec4;
    %pushi/vec4 0, 0, 32;
    %cmp/s;
    %jmp/1xz T_4.3, 5;
    %jmp/1 T_4.3, 4;
    %pushi/vec4 1, 0, 32;
    %sub;
    %wait E_0x5d59e3410920;
    %jmp T_4.2;
T_4.3 ;
    %pop/vec4 1;
    %pushi/vec4 1, 0, 1;
    %store/vec4 v0x5d59e343ab50_0, 0, 1;
    %pushi/vec4 0, 0, 3;
    %store/vec4 v0x5d59e343a9b0_0, 0, 3;
    %pushi/vec4 255, 0, 8;
    %store/vec4 v0x5d59e343aa80_0, 0, 8;
    %wait E_0x5d59e3410920;
    %pushi/vec4 0, 0, 1;
    %store/vec4 v0x5d59e343ab50_0, 0, 1;
    %pushi/vec4 0, 0, 3;
    %store/vec4 v0x5d59e343a5a0_0, 0, 3;
    %delay 1000, 0;
    %pushi/vec4 1, 0, 1;
    %store/vec4 v0x5d59e343ab50_0, 0, 1;
    %pushi/vec4 1, 0, 3;
    %store/vec4 v0x5d59e343a9b0_0, 0, 3;
    %pushi/vec4 170, 0, 8;
    %store/vec4 v0x5d59e343aa80_0, 0, 8;
    %wait E_0x5d59e3410920;
    %pushi/vec4 2, 0, 3;
    %store/vec4 v0x5d59e343a9b0_0, 0, 3;
    %pushi/vec4 85, 0, 8;
    %store/vec4 v0x5d59e343aa80_0, 0, 8;
    %wait E_0x5d59e3410920;
    %pushi/vec4 3, 0, 3;
    %store/vec4 v0x5d59e343a9b0_0, 0, 3;
    %pushi/vec4 15, 0, 8;
    %store/vec4 v0x5d59e343aa80_0, 0, 8;
    %wait E_0x5d59e3410920;
    %pushi/vec4 0, 0, 1;
    %store/vec4 v0x5d59e343ab50_0, 0, 1;
    %pushi/vec4 1, 0, 3;
    %store/vec4 v0x5d59e343a5a0_0, 0, 3;
    %pushi/vec4 2, 0, 3;
    %store/vec4 v0x5d59e343a670_0, 0, 3;
    %delay 1000, 0;
    %pushi/vec4 3, 0, 3;
    %store/vec4 v0x5d59e343a5a0_0, 0, 3;
    %pushi/vec4 0, 0, 3;
    %store/vec4 v0x5d59e343a670_0, 0, 3;
    %delay 1000, 0;
    %pushi/vec4 1, 0, 1;
    %store/vec4 v0x5d59e343ab50_0, 0, 1;
    %pushi/vec4 1, 0, 3;
    %store/vec4 v0x5d59e343a9b0_0, 0, 3;
    %pushi/vec4 51, 0, 8;
    %store/vec4 v0x5d59e343aa80_0, 0, 8;
    %pushi/vec4 1, 0, 3;
    %store/vec4 v0x5d59e343a5a0_0, 0, 3;
    %delay 1000, 0;
    %wait E_0x5d59e3410920;
    %pushi/vec4 0, 0, 1;
    %store/vec4 v0x5d59e343ab50_0, 0, 1;
    %delay 1000, 0;
    %pushi/vec4 2, 0, 32;
T_4.4 %dup/vec4;
    %pushi/vec4 0, 0, 32;
    %cmp/s;
    %jmp/1xz T_4.5, 5;
    %jmp/1 T_4.5, 4;
    %pushi/vec4 1, 0, 32;
    %sub;
    %wait E_0x5d59e3410920;
    %jmp T_4.4;
T_4.5 ;
    %pop/vec4 1;
    %vpi_call/w 3 90 "$finish" {0 0 0};
    %end;
    .thread T_4;
    .scope S_0x5d59e34177a0;
T_5 ;
    %vpi_call/w 3 94 "$timeformat", 32'sb11111111111111111111111111110111, 32'sb00000000000000000000000000000001, " ns", 32'sb00000000000000000000000000001000 {0 0 0};
    %vpi_call/w 3 95 "$monitor", "time=%t rst=%b we=%b waddr=%0d wdata=%h | raddr1=%0d rdata1=%h | raddr2=%0d rdata2=%h", $time, v0x5d59e343a8e0_0, v0x5d59e343ab50_0, v0x5d59e343a9b0_0, v0x5d59e343aa80_0, v0x5d59e343a5a0_0, v0x5d59e343a770_0, v0x5d59e343a670_0, v0x5d59e343a840_0 {0 0 0};
    %vpi_call/w 3 98 "$dumpfile", "regfile_tb.vcd" {0 0 0};
    %vpi_call/w 3 99 "$dumpvars", 32'sb00000000000000000000000000000000, S_0x5d59e34177a0 {0 0 0};
    %end;
    .thread T_5;
# The file index is used to find the file name in the following table.
:file_names 5;
    "N/A";
    "<interactive>";
    "-";
    "testbench/regfile_tb.sv";
    "design/regfile/regfile.sv";
